../Core/Src/main.c:86:5:__io_putchar	16	static
../Core/Src/main.c:94:6:SWV_PlotSignal	24	static
../Core/Src/main.c:122:5:main	8	static
../Core/Src/main.c:183:6:SystemClock_Config	88	static
../Core/Src/main.c:229:13:MX_CRC_Init	8	static
../Core/Src/main.c:255:13:MX_DMA2D_Init	8	static
../Core/Src/main.c:292:13:MX_I2C3_Init	8	static
../Core/Src/main.c:340:13:MX_LTDC_Init	64	static
../Core/Src/main.c:402:13:MX_SPI5_Init	8	static
../Core/Src/main.c:440:13:MX_TIM1_Init	32	static
../Core/Src/main.c:486:13:MX_UART5_Init	8	static
../Core/Src/main.c:519:13:MX_USART1_UART_Init	8	static
../Core/Src/main.c:548:13:MX_FMC_Init	40	static
../Core/Src/main.c:599:13:MX_GPIO_Init	64	static
../Core/Src/main.c:691:6:HAL_TIM_PeriodElapsedCallback	16	static
../Core/Src/main.c:708:6:Error_Handler	4	static,ignoring_inline_asm
