../Core/Src/main.c:96:5:__io_putchar	16	static
../Core/Src/main.c:104:6:PlotSignal	24	static
../Core/Src/main.c:127:18:Signal_GetMean	24	static
../Core/Src/main.c:142:18:Signal_GetVariance	32	static
../Core/Src/main.c:158:18:Signal_GetStdDev	24	static
../Core/Src/main.c:170:5:main	8	static
../Core/Src/main.c:241:6:SystemClock_Config	88	static
../Core/Src/main.c:287:13:MX_CRC_Init	8	static
../Core/Src/main.c:313:13:MX_DMA2D_Init	8	static
../Core/Src/main.c:350:13:MX_I2C3_Init	8	static
../Core/Src/main.c:398:13:MX_LTDC_Init	64	static
../Core/Src/main.c:460:13:MX_SPI5_Init	8	static
../Core/Src/main.c:498:13:MX_TIM1_Init	32	static
../Core/Src/main.c:544:13:MX_UART5_Init	8	static
../Core/Src/main.c:577:13:MX_USART1_UART_Init	8	static
../Core/Src/main.c:606:13:MX_FMC_Init	40	static
../Core/Src/main.c:657:13:MX_GPIO_Init	64	static
../Core/Src/main.c:749:6:HAL_TIM_PeriodElapsedCallback	16	static
../Core/Src/main.c:766:6:Error_Handler	4	static,ignoring_inline_asm
